
============================================================
TIP1_TITLE: Skill Development
TIP1_BULLET1: Leverage your machine learning experience by exploring more advanced algorithms and techniques, such as deep learning or natural language processing.
TIP1_BULLET2: Develop expertise in data visualization tools like Tableau or Power BI to enhance the insights presented in your analysis dashboards.

TIP2_TITLE: Job Search Strategy
TIP2_BULLET1: Emphasize the business value of your projects by rephrasing them to focus on problem-solving for real-world organizations, rather than just technical skills.
TIP2_BULLET2: Tailor your application materials, such as cover letters and LinkedIn profiles, to highlight your enthusiasm for extracting insights from data and building predictive models.

TIP3_TITLE: Career Growth
TIP3_BULLET1: Network with professionals in the field by attending industry events or joining online communities focused on machine learning and data science, where you can share your projects and learn from others.
TIP3_BULLET2: Consider obtaining a master's degree or pursuing certifications like TensorFlow or PyTorch to demonstrate advanced skills and increase your competitiveness in the job market.

============================================================
TIP1_title: Skill Development
TIP1_bullet1: Leverage your expertise in Django and Flask to explore more full-stack web applications, potentially creating a portfolio that showcases your capabilities as a Python developer.
TIP1_bullet2: Consider specializing in a specific area of web backend engineering, such as REST API design or database integration, to differentiate yourself from other candidates.

TIP2_title: Job Search Strategy
TIP2_bullet1: Tailor your job applications to highlight your experience with PostgreSQL and MongoDB, as these are not commonly listed in job postings, making you a more attractive candidate.
TIP2_bullet2: Network with professionals in the web backend engineering field, particularly those familiar with Python and Django, to gain insights into the industry and potential job opportunities.

TIP3_title: Career Growth
TIP3_bullet1: Pursue advanced certifications or courses that focus on machine learning, data science, or cloud computing, as these emerging technologies are expected to significantly impact the web backend engineering field.
TIP3_bullet2: Consider contributing to open-source projects related to your areas of expertise, such as Django or Flask, to demonstrate your skills and expand your professional network.

============================================================
TIP1_TITLE: Skill Development
TIP1_BULLET1: Focus on further developing your understanding of REST API integration by exploring advanced topics like GraphQL or API security.
TIP1_BULLET2: Consider learning how to integrate machine learning models with React, which could be a valuable skill for modern web applications.

TIP2_TITLE: Job Search Strategy
TIP2_BULLET1: Tailor your application materials and cover letters to highlight your experience with E-commerce platforms, as this is a highly sought-after skill in the industry.
TIP2_BULLET2: Look for job postings that specifically mention Node.js REST API integration or Agile methodologies, as these are areas where you have demonstrated expertise.

TIP3_TITLE: Career Growth
TIP3_BULLET1: Leverage your experience with drag-and-drop functionality to explore opportunities in UI/UX design or user research, where your skills could be valuable.
TIP3_BULLET2: Consider obtaining additional certifications or training in areas like DevOps, CI/CD pipelines, or cloud computing, as these are becoming increasingly important in the field.
